> Task :app:checkKotlinGradlePluginConfigurationErrors SKIPPED
> Task :app:preBuild UP-TO-DATE
> Task :app:preDebugBuild UP-TO-DATE
> Task :app:dataBindingMergeDependencyArtifactsDebug UP-TO-DATE
> Task :app:generateDebugResValues UP-TO-DATE
> Task :app:generateDebugResources UP-TO-DATE
> Task :app:processDebugGoogleServices UP-TO-DATE
> Task :app:mergeDebugResources UP-TO-DATE
> Task :app:packageDebugResources UP-TO-DATE
> Task :app:processDebugNavigationResources UP-TO-DATE
> Task :app:parseDebugLocalResources UP-TO-DATE
> Task :app:dataBindingGenBaseClassesDebug UP-TO-DATE
> Task :app:generateDebugBuildConfig UP-TO-DATE
> Task :app:checkDebugAarMetadata UP-TO-DATE
> Task :app:compileDebugNavigationResources UP-TO-DATE
> Task :app:mapDebugSourceSetPaths UP-TO-DATE
> Task :app:createDebugCompatibleScreenManifests UP-TO-DATE
> Task :app:extractDeepLinksDebug UP-TO-DATE
> Task :app:processDebugMainManifest UP-TO-DATE
> Task :app:processDebugManifest UP-TO-DATE
> Task :app:processDebugManifestForPackage UP-TO-DATE
> Task :app:processDebugResources UP-TO-DATE

> Task :app:compileDebugKotlin FAILED
./gradlew : e: file
:///C:/Users/Roniel
%20Cuaresma/Android
StudioProjects/Aqua
RouteSystem/app/src
/main/java/com/exam
ple/aquaroute_syste
m/View/maindashboar
d.kt:451:40 
Unresolved 
reference 'WeatherA
dvisoriesActivity'.
At line:1 char:1
+ ./gradlew :app:co
mpileDebugKotlin > 
build_errors.txt 
2>&1
+ ~~~~~~~~~~~~~~~~~
~~~~~~~~~~~~~~~~~~~
~~~~~~~~~~~~~~~~~~~
~~
    + CategoryInfo 
             : No  
  tSpecified: (e   
 : file:///C:/U    
...oriesActivi    
ty'.:String) [    
], RemoteExcep    
tion
    + FullyQualifi 
   edErrorId : Na  
  tiveCommandErr   
 or
 
e: file:///C:/Users
/Roniel%20Cuaresma/
AndroidStudioProjec
ts/AquaRouteSystem/
app/src/main/java/c
om/example/aquarout
e_system/View/maind
ashboard.kt:451:73 
Cannot infer type 
for this 
parameter. Please 
specify it 
explicitly.
e: file:///C:/Users
/Roniel%20Cuaresma/
AndroidStudioProjec
ts/AquaRouteSystem/
app/src/main/java/c
om/example/aquarout
e_system/View/maind
ashboard.kt:451:73 
Unresolved 
reference. None of 
the following 
candidates is 
applicable because 
of a receiver type 
mismatch:
val <T> 
KClass<T>.java: 
Class<T>
e: file:///C:/Users
/Roniel%20Cuaresma/
AndroidStudioProjec
ts/AquaRouteSystem/
app/src/main/java/c
om/example/aquarout
e_system/ui/adapter
/WeatherAdvisoryAda
pter.kt:38:33 
Unresolved 
reference 
'strokeWidth'.
e: file:///C:/Users
/Roniel%20Cuaresma/
AndroidStudioProjec
ts/AquaRouteSystem/
app/src/main/java/c
om/example/aquarout
e_system/ui/adapter
/WeatherAdvisoryAda
pter.kt:39:33 
Unresolved 
reference 
'strokeColor'.
e: file:///C:/Users
/Roniel%20Cuaresma/
AndroidStudioProjec
ts/AquaRouteSystem/
app/src/main/java/c
om/example/aquarout
e_system/ui/adapter
/WeatherAdvisoryAda
pter.kt:42:33 
Unresolved 
reference 
'strokeWidth'.

FAILURE: Build 
failed with an 
exception.

* What went wrong:
Execution failed 
for task ':app:comp
ileDebugKotlin'.
> A failure 
occurred while 
executing org.jetbr
ains.kotlin.compile
rRunner.GradleCompi
lerRunnerWithWorker
s$GradleKotlinCompi
lerWorkAction
   > Compilation 
error. See log for 
more details

* Try:
> Run with 
--stacktrace 
option to get the 
stack trace.
> Run with --info 
or --debug option 
to get more log 
output.
> Run with --scan 
to get full 
insights.
> Get more help at 
https://help.gradle
.org.

BUILD FAILED in 5s
20 actionable tasks: 1 executed, 19 up-to-date
